node.exe : npm warn Unknown user config 
"always-auth". This will stop working in the next 
major version of npm.
At line:1 char:1
+ & "C:\Program Files\nodejs/node.exe" "C:\Program 
Files\nodejs/node_mo ...
+ ~~~~~~~~~~~~~~~~~~~~~~~~~~~~~~~~~~~~~~~~~~~~~~~~~~~
~~~~~~~~~~~~~~~~~~
    + CategoryInfo          : NotSpecified: (npm war 
   n Unknow...version of npm.:String) [], RemoteExc  
  eption
    + FullyQualifiedErrorId : NativeCommandError
 
   Γû▓ Next.js 15.5.12

   Creating an optimized production build ...
 Γ£ô Compiled successfully in 5.8s
   Linting and checking validity of types ...

./src/app/calculators/mortgage/MortgageCalculatorClient.tsx
17:30  Warning: 'ChevronDown' is defined but never used.  @typescript-eslint/no-unused-vars
17:43  Warning: 'ChevronUp' is defined but never used.  @typescript-eslint/no-unused-vars
17:54  Warning: 'Plus' is defined but never used.  @typescript-eslint/no-unused-vars
17:60  Warning: 'X' is defined but never used.  @typescript-eslint/no-unused-vars
17:63  Warning: 'Share2' is defined but never used.  @typescript-eslint/no-unused-vars
17:71  Warning: 'ArrowRight' is defined but never used.  @typescript-eslint/no-unused-vars
17:83  Warning: 'Shield' is defined but never used.  @typescript-eslint/no-unused-vars
17:91  Warning: 'Download' is defined but never used.  @typescript-eslint/no-unused-vars
17:101  Warning: 'MapPin' is defined but never used.  @typescript-eslint/no-unused-vars

./src/app/calculators/refinance/page.tsx
6:10  Warning: 'Check' is defined but never used.  @typescript-eslint/no-unused-vars
6:17  Warning: 'Shield' is defined but never used.  @typescript-eslint/no-unused-vars
6:25  Warning: 'Info' is defined but never used.  @typescript-eslint/no-unused-vars
6:31  Warning: 'DollarSign' is defined but never used.  @typescript-eslint/no-unused-vars
6:43  Warning: 'ArrowRight' is defined but never used.  @typescript-eslint/no-unused-vars

info  - Need to disable some ESLint rules? Learn more here: https://nextjs.org/docs/app/api-reference/config/eslint#disabling-rules
   Collecting page data ...
   Generating static pages (0/19) ...
   Generating static pages (4/19) 
   Generating static pages (9/19) 
   Generating static pages (14/19) 
 Γ£ô Generating static pages (19/19)
   Finalizing page optimization ...
   Collecting build traces ...

Route (app)                                 Size  First Load JS
Γöî Γùï /                                      176 B         106 kB
Γö£ Γùï /_not-found                            995 B         103 kB
Γö£ Γùï /about                                 176 B         106 kB
Γö£ Γùï /blog                                  176 B         106 kB
Γö£ Γùï /calculators/affordability           3.47 kB         109 kB
Γö£ Γùï /calculators/arm                     3.15 kB         109 kB
Γö£ Γùï /calculators/auto-loan               2.99 kB         108 kB
Γö£ Γùï /calculators/comparison              2.42 kB         108 kB
Γö£ Γùï /calculators/interest-only           2.87 kB         108 kB
Γö£ Γùï /calculators/mortgage                18.4 kB         234 kB
Γö£ Γùï /calculators/personal-loan            3.1 kB         109 kB
Γö£ Γùï /calculators/points-buydown          2.62 kB         108 kB
Γö£ Γùï /calculators/refinance               2.87 kB         108 kB
Γö£ Γùï /calculators/rent-vs-buy             6.39 kB         213 kB
Γö£ Γùï /disclaimer                            176 B         106 kB
Γö£ Γùï /privacy                               176 B         106 kB
Γöö Γùï /terms                                 176 B         106 kB
+ First Load JS shared by all             102 kB
  Γö£ chunks/255-091853b4155593e2.js       45.7 kB
  Γö£ chunks/4bd1b696-409494caf8c83275.js  54.2 kB
  Γöö other shared chunks (total)          2.23 kB


Γùï  (Static)  prerendered as static content

