
> usfinnexus@1.0.0 build
> next build

   Γû▓ Next.js 15.5.12
   - Experiments (use with caution):
     ┬╖ allowedDevOrigins

   Creating an optimized production build ...
 Γ£ô Compiled successfully in 3.6s
   Linting and checking validity of types ...
