node.exe : npm warn Unknown user 
config "always-auth". This will stop 
working in the next major version of 
npm.
At line:1 char:1
+ & "C:\Program Files\nodejs/node.exe" 
"C:\Program Files\nodejs/node_mo ...
+ ~~~~~~~~~~~~~~~~~~~~~~~~~~~~~~~~~~~~~
~~~~~~~~~~~~~~~~~~~~~~~~~~~~~~~~
    + CategoryInfo          : NotSpeci 
   fied: (npm warn Unknow...version o  
  f npm.:String) [], RemoteException
    + FullyQualifiedErrorId : NativeCo 
   mmandError
 
   Γû▓ Next.js 15.5.12

   Creating an optimized production build ...
 Γ£ô Compiled successfully in 6.2s
   Linting and checking validity of types ...

./src/app/articles/2026-fincen-boi-rule-changes-what-changed-march-2025/page.tsx
4:21  Warning: 'Clock' is defined but never used.  @typescript-eslint/no-unused-vars

./src/app/articles/2026-tax-changes-20-percent-qbi-deduction-permanent/page.tsx
4:47  Warning: 'TrendingUp' is defined but never used.  @typescript-eslint/no-unused-vars

./src/app/articles/avoid-costly-mistakes-fincen-real-estate-reporting-guide/page.tsx
4:21  Warning: 'Edit3' is defined but never used.  @typescript-eslint/no-unused-vars

./src/app/articles/boi-exemption-confirmed-2026-free-checklist/page.tsx
4:35  Warning: 'ShieldCheck' is defined but never used.  @typescript-eslint/no-unused-vars

./src/app/articles/buying-house-through-llc-2026-fincen-rule-changes/page.tsx
4:21  Warning: 'Home' is defined but never used.  @typescript-eslint/no-unused-vars
4:27  Warning: 'FileText' is defined but never used.  @typescript-eslint/no-unused-vars

./src/app/articles/california-new-york-texas-state-boi-rules-2026/page.tsx
4:50  Warning: 'TrendingUp' is defined but never used.  @typescript-eslint/no-unused-vars
4:62  Warning: 'Shield' is defined but never used.  @typescript-eslint/no-unused-vars

./src/app/articles/canadian-buyers-us-property-fincen-residential-rule/page.tsx
4:51  Warning: 'Home' is defined but never used.  @typescript-eslint/no-unused-vars

./src/app/articles/fincen-killed-boi-us-companies-what-llc-owners-must-know/page.tsx
4:21  Warning: 'CheckCircle2' is defined but never used.  @typescript-eslint/no-unused-vars

./src/app/articles/fincen-real-estate-reporting-rule-what-llc-buyers-must-do/page.tsx
4:21  Warning: 'CheckSquare' is defined but never used.  @typescript-eslint/no-unused-vars
4:40  Warning: 'Shield' is defined but never used.  @typescript-eslint/no-unused-vars

./src/app/articles/fincen-saves-us-small-businesses-500-penalties-2026/page.tsx
4:21  Warning: 'CheckCircle2' is defined but never used.  @typescript-eslint/no-unused-vars

./src/app/articles/foreign-owned-us-llcs-new-30-day-boi-deadline/page.tsx
4:41  Warning: 'Calendar' is defined but never used.  @typescript-eslint/no-unused-vars

./src/app/articles/march-1-2026-fincen-rule-all-cash-home-buyers/page.tsx
4:50  Warning: 'FileText' is defined but never used.  @typescript-eslint/no-unused-vars

./src/app/articles/title-companies-investors-10000-penalty-march-1-2026/page.tsx
4:43  Warning: 'Shield' is defined but never used.  @typescript-eslint/no-unused-vars

./src/app/calculators/closing-costs/ClosingCostsClient.tsx
4:59  Warning: 'STATE_TRANSFER_TAX' is defined but never used.  @typescript-eslint/no-unused-vars

./src/app/calculators/debt-payoff/DebtPayoffClient.tsx
7:19  Warning: 'TrendingDown' is defined but never used.  @typescript-eslint/no-unused-vars

./src/app/calculators/fha-va-usda/GovLoanClient.tsx
5:10  Warning: 'exportGenericCSV' is defined but never used.  @typescript-eslint/no-unused-vars
7:24  Warning: 'Table2' is defined but never used.  @typescript-eslint/no-unused-vars

./src/app/calculators/mortgage/MortgageCalculatorClient.tsx
24:30  Warning: 'ChevronDown' is defined but never used.  @typescript-eslint/no-unused-vars
24:43  Warning: 'ChevronUp' is defined but never used.  @typescript-eslint/no-unused-vars
24:54  Warning: 'Plus' is defined but never used.  @typescript-eslint/no-unused-vars
24:60  Warning: 'X' is defined but never used.  @typescript-eslint/no-unused-vars
24:63  Warning: 'Share2' is defined but never used.  @typescript-eslint/no-unused-vars
24:71  Warning: 'ArrowRight' is defined but never used.  @typescript-eslint/no-unused-vars
24:83  Warning: 'Shield' is defined but never used.  @typescript-eslint/no-unused-vars
24:91  Warning: 'Download' is defined but never used.  @typescript-eslint/no-unused-vars
24:101  Warning: 'MapPin' is defined but never used.  @typescript-eslint/no-unused-vars
28:7  Warning: 'PIE_COLORS' is assigned a value but never used.  @typescript-eslint/no-unused-vars
137:11  Warning: 'balanceData' is assigned a value but never used.  @typescript-eslint/no-unused-vars

info  - Need to disable some ESLint rules? Learn more here: https://nextjs.org/docs/app/api-reference/config/eslint#disabling-rules
   Collecting page data ...
   Generating static pages (0/54) ...
   Generating static pages (13/54) 
   Generating static pages (26/54) 
   Generating static pages (40/54) 
 Γ£ô Generating static pages (54/54)
   Finalizing page optimization ...
   Collecting build traces ...

Route (app)                                                                 Size  First Load JS  Revalidate  Expire
Γöî Γùï /                                                                      206 B         106 kB          1d      1y
Γö£ Γùï /_not-found                                                             1 kB         103 kB          1d      1y
Γö£ Γùï /about                                                                 206 B         106 kB          1d      1y
Γö£ Γùï /articles                                                              206 B         106 kB          1d      1y
Γö£ Γùï /articles/2026-boi-filing-why-95-percent-american-llcs-exempt          233 B         111 kB          1d      1y
Γö£ Γùï /articles/2026-fincen-boi-rule-changes-what-changed-march-2025         233 B         111 kB          1d      1y
Γö£ Γùï /articles/2026-tax-changes-20-percent-qbi-deduction-permanent          233 B         111 kB          1d      1y
Γö£ Γùï /articles/avoid-costly-mistakes-fincen-real-estate-reporting-guide     233 B         111 kB          1d      1y
Γö£ Γùï /articles/boi-exemption-confirmed-2026-free-checklist                  233 B         111 kB          1d      1y
Γö£ Γùï /articles/buying-house-through-llc-2026-fincen-rule-changes            233 B         111 kB          1d      1y
Γö£ Γùï /articles/california-new-york-texas-state-boi-rules-2026               233 B         111 kB          1d      1y
Γö£ Γùï /articles/canadian-business-owners-2026-us-llc-compliance-roadmap      233 B         111 kB          1d      1y
Γö£ Γùï /articles/canadian-buyers-us-property-fincen-residential-rule          233 B         111 kB          1d      1y
Γö£ Γùï /articles/end-of-anonymous-all-cash-home-buying-fincen-march-2026      233 B         111 kB          1d      1y
Γö£ Γùï /articles/fincen-irs-compliance-checklist-us-llc-2026                  233 B         111 kB          1d      1y
Γö£ Γùï /articles/fincen-killed-boi-us-companies-what-llc-owners-must-know     233 B         111 kB          1d      1y
Γö£ Γùï /articles/fincen-real-estate-reporting-rule-what-llc-buyers-must-do    233 B         111 kB          1d      1y
Γö£ Γùï /articles/fincen-saves-us-small-businesses-500-penalties-2026          233 B         111 kB          1d      1y
Γö£ Γùï /articles/foreign-owned-us-llcs-new-30-day-boi-deadline                233 B         111 kB          1d      1y
Γö£ Γùï /articles/march-1-2026-fincen-rule-all-cash-home-buyers                233 B         111 kB          1d      1y
Γö£ Γùï /articles/new-york-llc-transparency-act-2026-foreign-owners            233 B         111 kB          1d      1y
Γö£ Γùï /articles/ny-boi-law-starts-january-2026-even-if-federal-exempt        233 B         111 kB          1d      1y
Γö£ Γùï /articles/stop-wasting-money-boi-filing-domestic-llc-2026              233 B         111 kB          1d      1y
Γö£ Γùï /articles/title-companies-investors-10000-penalty-march-1-2026         233 B         111 kB          1d      1y
Γö£ Γùï /blog                                                                  206 B         106 kB          1d      1y
Γö£ Γùï /blog/free-mortgage-calculator-2026-pdf                                206 B         106 kB          1d      1y
Γö£ Γùï /blog/how-much-house-can-i-afford-2026                                 206 B         106 kB          1d      1y
Γö£ Γùï /blog/mortgage-amortization-schedule-guide                             206 B         106 kB          1d      1y
Γö£ Γùï /blog/pmi-explained-avoid-cancel                                       206 B         106 kB          1d      1y
Γö£ Γùï /blog/should-i-refinance-2026                                          206 B         106 kB          1d      1y
Γö£ Γùï /blog/usa-people-search-finance                                        206 B         106 kB          1d      1y
Γö£ Γùï /calculators/affordability                                           3.35 kB         111 kB          1d      1y
Γö£ Γùï /calculators/arm                                                     3.02 kB         110 kB          1d      1y
Γö£ Γùï /calculators/auto-loan                                                2.9 kB         110 kB          1d      1y
Γö£ Γùï /calculators/budget                                                  4.22 kB         112 kB          1d      1y
Γö£ Γùï /calculators/closing-costs                                           4.14 kB         112 kB          1d      1y
Γö£ Γùï /calculators/comparison                                               2.3 kB         110 kB          1d      1y
Γö£ Γùï /calculators/debt-payoff                                             4.14 kB         112 kB          1d      1y
Γö£ Γùï /calculators/fha-va-usda                                             3.95 kB         111 kB          1d      1y
Γö£ Γùï /calculators/heloc                                                   4.18 kB         112 kB          1d      1y
Γö£ Γùï /calculators/interest-only                                           2.73 kB         110 kB          1d      1y
Γö£ Γùï /calculators/mortgage                                                9.68 kB         127 kB          1d      1y
Γö£ Γùï /calculators/personal-loan                                           3.01 kB         110 kB          1d      1y
Γö£ Γùï /calculators/points-buydown                                          2.49 kB         110 kB          1d      1y
Γö£ Γùï /calculators/refinance                                               3.08 kB         111 kB          1d      1y
Γö£ Γùï /calculators/rent-vs-buy                                             3.45 kB         111 kB          1d      1y
Γö£ Γùï /disclaimer                                                            206 B         106 kB          1d      1y
Γö£ Γùï /icon.svg                                                                0 B            0 B
Γö£ Γùï /privacy                                                               206 B         106 kB          1d      1y
Γö£ Γùï /robots.txt                                                            132 B         102 kB
Γö£ Γùï /sitemap.xml                                                           132 B         102 kB
Γöö Γùï /terms                                                                 206 B         106 kB          1d      1y
+ First Load JS shared by all                                             102 kB
  Γö£ chunks/1255-ad409e5887c155b0.js                                      45.7 kB
  Γö£ chunks/4bd1b696-100b9d70ed4e49c1.js                                  54.2 kB
  Γöö other shared chunks (total)                                          2.31 kB


Γùï  (Static)  prerendered as static content

